QA output created by 613
Added encryption key with identifier 69b2f6edeee720cce0577937eb8a6751
Creating and reflinking a file
Can't reflink encrypted and unencrypted
cp: failed to clone 'SCRATCH_MNT/fail' from 'SCRATCH_MNT/dir/test': Invalid argument
Diffing the file and its copy
Verifying the files are reflinked
Diffing the files after remount
Added encryption key with identifier 69b2f6edeee720cce0577937eb8a6751
Diffing the files after key remove
Removed encryption key with identifier 69b2f6edeee720cce0577937eb8a6751
diff: SCRATCH_MNT/dir/test: No such file or directory
diff: SCRATCH_MNT/dir/test2: No such file or directory
