QA output created by 614
Added encryption key with identifier 69b2f6edeee720cce0577937eb8a6751
Create a snapshot of 'SCRATCH_MNT/subvol' in 'SCRATCH_MNT/subvol2'
Added encryption key with identifier 69b2f6edeee720cce0577937eb8a6751
Diffing /mnt/scratch/subvol and /mnt/scratch/subvol2
Rewriting /mnt/scratch/subvol2 partly
Diffing /mnt/scratch/subvol and /mnt/scratch/subvol2
Dropping key and diffing
Removed encryption key with identifier 69b2f6edeee720cce0577937eb8a6751
NOKEY_NAME: NOKEY_NAME/NOKEY_NAME/NOKEY_NAME: NOKEY_NAME NOKEY_NAME NOKEY_NAME NOKEY_NAME
NOKEY_NAME: NOKEY_NAME/NOKEY_NAME/NOKEY_NAME: NOKEY_NAME NOKEY_NAME NOKEY_NAME NOKEY_NAME
NOKEY_NAME: NOKEY_NAME/NOKEY_NAME/NOKEY_NAME: NOKEY_NAME NOKEY_NAME NOKEY_NAME NOKEY_NAME
NOKEY_NAME: NOKEY_NAME/NOKEY_NAME/NOKEY_NAME: NOKEY_NAME NOKEY_NAME NOKEY_NAME NOKEY_NAME
NOKEY_NAME: NOKEY_NAME/NOKEY_NAME/NOKEY_NAME: NOKEY_NAME NOKEY_NAME NOKEY_NAME NOKEY_NAME
NOKEY_NAME: NOKEY_NAME/NOKEY_NAME/NOKEY_NAME: NOKEY_NAME NOKEY_NAME NOKEY_NAME NOKEY_NAME
NOKEY_NAME: NOKEY_NAME/NOKEY_NAME/NOKEY_NAME: NOKEY_NAME NOKEY_NAME NOKEY_NAME NOKEY_NAME
NOKEY_NAME: NOKEY_NAME/NOKEY_NAME/NOKEY_NAME: NOKEY_NAME NOKEY_NAME NOKEY_NAME NOKEY_NAME
NOKEY_NAME: NOKEY_NAME/NOKEY_NAME/NOKEY_NAME: NOKEY_NAME NOKEY_NAME NOKEY_NAME NOKEY_NAME
NOKEY_NAME: NOKEY_NAME/NOKEY_NAME/NOKEY_NAME: NOKEY_NAME NOKEY_NAME NOKEY_NAME NOKEY_NAME
NOKEY_NAME: NOKEY_NAME/NOKEY_NAME/NOKEY_NAME: NOKEY_NAME NOKEY_NAME NOKEY_NAME NOKEY_NAME
NOKEY_NAME: NOKEY_NAME/NOKEY_NAME/NOKEY_NAME: NOKEY_NAME NOKEY_NAME NOKEY_NAME NOKEY_NAME
NOKEY_NAME: NOKEY_NAME/NOKEY_NAME/NOKEY_NAME: NOKEY_NAME NOKEY_NAME NOKEY_NAME NOKEY_NAME
NOKEY_NAME: NOKEY_NAME/NOKEY_NAME/NOKEY_NAME: NOKEY_NAME NOKEY_NAME NOKEY_NAME NOKEY_NAME
NOKEY_NAME: NOKEY_NAME/NOKEY_NAME/NOKEY_NAME: NOKEY_NAME NOKEY_NAME NOKEY_NAME NOKEY_NAME
NOKEY_NAME: NOKEY_NAME/NOKEY_NAME/NOKEY_NAME: NOKEY_NAME NOKEY_NAME NOKEY_NAME NOKEY_NAME
NOKEY_NAME: NOKEY_NAME/NOKEY_NAME/NOKEY_NAME: NOKEY_NAME NOKEY_NAME NOKEY_NAME NOKEY_NAME
NOKEY_NAME: NOKEY_NAME/NOKEY_NAME/NOKEY_NAME: NOKEY_NAME NOKEY_NAME NOKEY_NAME NOKEY_NAME
NOKEY_NAME: NOKEY_NAME/NOKEY_NAME/NOKEY_NAME: NOKEY_NAME NOKEY_NAME NOKEY_NAME NOKEY_NAME
NOKEY_NAME: NOKEY_NAME/NOKEY_NAME/NOKEY_NAME: NOKEY_NAME NOKEY_NAME NOKEY_NAME NOKEY_NAME
NOKEY_NAME: NOKEY_NAME/NOKEY_NAME/NOKEY_NAME: NOKEY_NAME NOKEY_NAME NOKEY_NAME NOKEY_NAME
NOKEY_NAME: NOKEY_NAME/NOKEY_NAME/NOKEY_NAME: NOKEY_NAME NOKEY_NAME NOKEY_NAME NOKEY_NAME
NOKEY_NAME: NOKEY_NAME/NOKEY_NAME/NOKEY_NAME: NOKEY_NAME NOKEY_NAME NOKEY_NAME NOKEY_NAME
NOKEY_NAME: NOKEY_NAME/NOKEY_NAME/NOKEY_NAME: NOKEY_NAME NOKEY_NAME NOKEY_NAME NOKEY_NAME
NOKEY_NAME: NOKEY_NAME/NOKEY_NAME/NOKEY_NAME: NOKEY_NAME NOKEY_NAME NOKEY_NAME NOKEY_NAME
NOKEY_NAME: NOKEY_NAME/NOKEY_NAME/NOKEY_NAME: NOKEY_NAME NOKEY_NAME NOKEY_NAME NOKEY_NAME
NOKEY_NAME: NOKEY_NAME/NOKEY_NAME/NOKEY_NAME: NOKEY_NAME NOKEY_NAME NOKEY_NAME NOKEY_NAME
NOKEY_NAME: NOKEY_NAME/NOKEY_NAME/NOKEY_NAME: NOKEY_NAME NOKEY_NAME NOKEY_NAME NOKEY_NAME
NOKEY_NAME: NOKEY_NAME/NOKEY_NAME/NOKEY_NAME: NOKEY_NAME NOKEY_NAME NOKEY_NAME NOKEY_NAME
NOKEY_NAME: NOKEY_NAME/NOKEY_NAME/NOKEY_NAME: NOKEY_NAME NOKEY_NAME NOKEY_NAME NOKEY_NAME
NOKEY_NAME: NOKEY_NAME/NOKEY_NAME/NOKEY_NAME: NOKEY_NAME NOKEY_NAME NOKEY_NAME NOKEY_NAME
NOKEY_NAME: NOKEY_NAME/NOKEY_NAME/NOKEY_NAME: NOKEY_NAME NOKEY_NAME NOKEY_NAME NOKEY_NAME
NOKEY_NAME: NOKEY_NAME/NOKEY_NAME/NOKEY_NAME: NOKEY_NAME NOKEY_NAME NOKEY_NAME NOKEY_NAME
NOKEY_NAME: NOKEY_NAME/NOKEY_NAME/NOKEY_NAME: NOKEY_NAME NOKEY_NAME NOKEY_NAME NOKEY_NAME
NOKEY_NAME: NOKEY_NAME/NOKEY_NAME/NOKEY_NAME: NOKEY_NAME NOKEY_NAME NOKEY_NAME NOKEY_NAME
NOKEY_NAME: NOKEY_NAME/NOKEY_NAME/NOKEY_NAME: NOKEY_NAME NOKEY_NAME NOKEY_NAME NOKEY_NAME
NOKEY_NAME: NOKEY_NAME/NOKEY_NAME/NOKEY_NAME: NOKEY_NAME NOKEY_NAME NOKEY_NAME NOKEY_NAME
NOKEY_NAME: NOKEY_NAME/NOKEY_NAME/NOKEY_NAME: NOKEY_NAME NOKEY_NAME NOKEY_NAME NOKEY_NAME
NOKEY_NAME: NOKEY_NAME/NOKEY_NAME/NOKEY_NAME: NOKEY_NAME NOKEY_NAME NOKEY_NAME NOKEY_NAME
NOKEY_NAME: NOKEY_NAME/NOKEY_NAME/NOKEY_NAME: NOKEY_NAME NOKEY_NAME NOKEY_NAME NOKEY_NAME
NOKEY_NAME: NOKEY_NAME/NOKEY_NAME/NOKEY_NAME: NOKEY_NAME NOKEY_NAME NOKEY_NAME NOKEY_NAME
NOKEY_NAME: NOKEY_NAME/NOKEY_NAME/NOKEY_NAME: NOKEY_NAME NOKEY_NAME NOKEY_NAME NOKEY_NAME
NOKEY_NAME: NOKEY_NAME/NOKEY_NAME/NOKEY_NAME: NOKEY_NAME NOKEY_NAME NOKEY_NAME NOKEY_NAME
NOKEY_NAME: NOKEY_NAME/NOKEY_NAME/NOKEY_NAME: NOKEY_NAME NOKEY_NAME NOKEY_NAME NOKEY_NAME
NOKEY_NAME: NOKEY_NAME/NOKEY_NAME/NOKEY_NAME: NOKEY_NAME NOKEY_NAME NOKEY_NAME NOKEY_NAME
NOKEY_NAME: NOKEY_NAME/NOKEY_NAME/NOKEY_NAME: NOKEY_NAME NOKEY_NAME NOKEY_NAME NOKEY_NAME
NOKEY_NAME: NOKEY_NAME/NOKEY_NAME/NOKEY_NAME: NOKEY_NAME NOKEY_NAME NOKEY_NAME NOKEY_NAME
NOKEY_NAME: NOKEY_NAME/NOKEY_NAME/NOKEY_NAME: NOKEY_NAME NOKEY_NAME NOKEY_NAME NOKEY_NAME
NOKEY_NAME: NOKEY_NAME/NOKEY_NAME/NOKEY_NAME: NOKEY_NAME NOKEY_NAME NOKEY_NAME NOKEY_NAME
NOKEY_NAME: NOKEY_NAME/NOKEY_NAME/NOKEY_NAME: NOKEY_NAME NOKEY_NAME NOKEY_NAME NOKEY_NAME
NOKEY_NAME: NOKEY_NAME/NOKEY_NAME/NOKEY_NAME: NOKEY_NAME NOKEY_NAME NOKEY_NAME NOKEY_NAME
NOKEY_NAME: NOKEY_NAME/NOKEY_NAME/NOKEY_NAME: NOKEY_NAME NOKEY_NAME NOKEY_NAME NOKEY_NAME
NOKEY_NAME: NOKEY_NAME/NOKEY_NAME/NOKEY_NAME: NOKEY_NAME NOKEY_NAME NOKEY_NAME NOKEY_NAME
NOKEY_NAME: NOKEY_NAME/NOKEY_NAME/NOKEY_NAME: NOKEY_NAME NOKEY_NAME NOKEY_NAME NOKEY_NAME
NOKEY_NAME: NOKEY_NAME/NOKEY_NAME/NOKEY_NAME: NOKEY_NAME NOKEY_NAME NOKEY_NAME NOKEY_NAME
NOKEY_NAME: NOKEY_NAME/NOKEY_NAME/NOKEY_NAME: NOKEY_NAME NOKEY_NAME NOKEY_NAME NOKEY_NAME
NOKEY_NAME: NOKEY_NAME/NOKEY_NAME/NOKEY_NAME: NOKEY_NAME NOKEY_NAME NOKEY_NAME NOKEY_NAME
NOKEY_NAME: NOKEY_NAME/NOKEY_NAME/NOKEY_NAME: NOKEY_NAME NOKEY_NAME NOKEY_NAME NOKEY_NAME
NOKEY_NAME: NOKEY_NAME/NOKEY_NAME/NOKEY_NAME: NOKEY_NAME NOKEY_NAME NOKEY_NAME NOKEY_NAME
NOKEY_NAME: NOKEY_NAME/NOKEY_NAME/NOKEY_NAME: NOKEY_NAME NOKEY_NAME NOKEY_NAME NOKEY_NAME
NOKEY_NAME: NOKEY_NAME/NOKEY_NAME/NOKEY_NAME: NOKEY_NAME NOKEY_NAME NOKEY_NAME NOKEY_NAME
NOKEY_NAME: NOKEY_NAME/NOKEY_NAME/NOKEY_NAME: NOKEY_NAME NOKEY_NAME NOKEY_NAME NOKEY_NAME
NOKEY_NAME: NOKEY_NAME/NOKEY_NAME/NOKEY_NAME: NOKEY_NAME NOKEY_NAME NOKEY_NAME NOKEY_NAME
NOKEY_NAME: NOKEY_NAME/NOKEY_NAME/NOKEY_NAME: NOKEY_NAME NOKEY_NAME NOKEY_NAME NOKEY_NAME
NOKEY_NAME: NOKEY_NAME/NOKEY_NAME/NOKEY_NAME: NOKEY_NAME NOKEY_NAME NOKEY_NAME NOKEY_NAME
NOKEY_NAME: NOKEY_NAME/NOKEY_NAME/NOKEY_NAME: NOKEY_NAME NOKEY_NAME NOKEY_NAME NOKEY_NAME
NOKEY_NAME: NOKEY_NAME/NOKEY_NAME/NOKEY_NAME: NOKEY_NAME NOKEY_NAME NOKEY_NAME NOKEY_NAME
NOKEY_NAME: NOKEY_NAME/NOKEY_NAME/NOKEY_NAME: NOKEY_NAME NOKEY_NAME NOKEY_NAME NOKEY_NAME
NOKEY_NAME: NOKEY_NAME/NOKEY_NAME/NOKEY_NAME: NOKEY_NAME NOKEY_NAME NOKEY_NAME NOKEY_NAME
NOKEY_NAME: NOKEY_NAME/NOKEY_NAME/NOKEY_NAME: NOKEY_NAME NOKEY_NAME NOKEY_NAME NOKEY_NAME
NOKEY_NAME: NOKEY_NAME/NOKEY_NAME/NOKEY_NAME: NOKEY_NAME NOKEY_NAME NOKEY_NAME NOKEY_NAME
NOKEY_NAME: NOKEY_NAME/NOKEY_NAME/NOKEY_NAME: NOKEY_NAME NOKEY_NAME NOKEY_NAME NOKEY_NAME
NOKEY_NAME: NOKEY_NAME/NOKEY_NAME/NOKEY_NAME: NOKEY_NAME NOKEY_NAME NOKEY_NAME NOKEY_NAME
NOKEY_NAME: NOKEY_NAME/NOKEY_NAME/NOKEY_NAME: NOKEY_NAME NOKEY_NAME NOKEY_NAME NOKEY_NAME
NOKEY_NAME: NOKEY_NAME/NOKEY_NAME/NOKEY_NAME: NOKEY_NAME NOKEY_NAME NOKEY_NAME NOKEY_NAME
NOKEY_NAME: NOKEY_NAME/NOKEY_NAME/NOKEY_NAME: NOKEY_NAME NOKEY_NAME NOKEY_NAME NOKEY_NAME
NOKEY_NAME: NOKEY_NAME/NOKEY_NAME/NOKEY_NAME: NOKEY_NAME NOKEY_NAME NOKEY_NAME NOKEY_NAME
NOKEY_NAME: NOKEY_NAME/NOKEY_NAME/NOKEY_NAME: NOKEY_NAME NOKEY_NAME NOKEY_NAME NOKEY_NAME
NOKEY_NAME: NOKEY_NAME/NOKEY_NAME/NOKEY_NAME: NOKEY_NAME NOKEY_NAME NOKEY_NAME NOKEY_NAME
NOKEY_NAME: NOKEY_NAME/NOKEY_NAME/NOKEY_NAME: NOKEY_NAME NOKEY_NAME NOKEY_NAME NOKEY_NAME
NOKEY_NAME: NOKEY_NAME/NOKEY_NAME/NOKEY_NAME: NOKEY_NAME NOKEY_NAME NOKEY_NAME NOKEY_NAME
NOKEY_NAME: NOKEY_NAME/NOKEY_NAME/NOKEY_NAME: NOKEY_NAME NOKEY_NAME NOKEY_NAME NOKEY_NAME
NOKEY_NAME: NOKEY_NAME/NOKEY_NAME/NOKEY_NAME: NOKEY_NAME NOKEY_NAME NOKEY_NAME NOKEY_NAME
NOKEY_NAME: NOKEY_NAME/NOKEY_NAME/NOKEY_NAME: NOKEY_NAME NOKEY_NAME NOKEY_NAME NOKEY_NAME
NOKEY_NAME: NOKEY_NAME/NOKEY_NAME/NOKEY_NAME: NOKEY_NAME NOKEY_NAME NOKEY_NAME NOKEY_NAME
NOKEY_NAME: NOKEY_NAME/NOKEY_NAME/NOKEY_NAME: NOKEY_NAME NOKEY_NAME NOKEY_NAME NOKEY_NAME
NOKEY_NAME: NOKEY_NAME/NOKEY_NAME/NOKEY_NAME: NOKEY_NAME NOKEY_NAME NOKEY_NAME NOKEY_NAME
NOKEY_NAME: NOKEY_NAME/NOKEY_NAME/NOKEY_NAME: NOKEY_NAME NOKEY_NAME NOKEY_NAME NOKEY_NAME
NOKEY_NAME: NOKEY_NAME/NOKEY_NAME/NOKEY_NAME: NOKEY_NAME NOKEY_NAME NOKEY_NAME NOKEY_NAME
NOKEY_NAME: NOKEY_NAME/NOKEY_NAME/NOKEY_NAME: NOKEY_NAME NOKEY_NAME NOKEY_NAME NOKEY_NAME
NOKEY_NAME: NOKEY_NAME/NOKEY_NAME/NOKEY_NAME: NOKEY_NAME NOKEY_NAME NOKEY_NAME NOKEY_NAME
NOKEY_NAME: NOKEY_NAME/NOKEY_NAME/NOKEY_NAME: NOKEY_NAME NOKEY_NAME NOKEY_NAME NOKEY_NAME
NOKEY_NAME: NOKEY_NAME/NOKEY_NAME/NOKEY_NAME: NOKEY_NAME NOKEY_NAME NOKEY_NAME NOKEY_NAME
NOKEY_NAME: NOKEY_NAME/NOKEY_NAME/NOKEY_NAME: NOKEY_NAME NOKEY_NAME NOKEY_NAME NOKEY_NAME
NOKEY_NAME: NOKEY_NAME/NOKEY_NAME/NOKEY_NAME: NOKEY_NAME NOKEY_NAME NOKEY_NAME NOKEY_NAME
NOKEY_NAME: NOKEY_NAME/NOKEY_NAME/NOKEY_NAME: NOKEY_NAME NOKEY_NAME NOKEY_NAME NOKEY_NAME
NOKEY_NAME: NOKEY_NAME/NOKEY_NAME/NOKEY_NAME: NOKEY_NAME NOKEY_NAME NOKEY_NAME NOKEY_NAME
NOKEY_NAME: NOKEY_NAME/NOKEY_NAME/NOKEY_NAME: NOKEY_NAME NOKEY_NAME NOKEY_NAME NOKEY_NAME
NOKEY_NAME: NOKEY_NAME/NOKEY_NAME/NOKEY_NAME: NOKEY_NAME NOKEY_NAME NOKEY_NAME NOKEY_NAME
NOKEY_NAME: NOKEY_NAME/NOKEY_NAME/NOKEY_NAME: NOKEY_NAME NOKEY_NAME NOKEY_NAME NOKEY_NAME
NOKEY_NAME: NOKEY_NAME/NOKEY_NAME/NOKEY_NAME: NOKEY_NAME NOKEY_NAME NOKEY_NAME NOKEY_NAME
NOKEY_NAME: NOKEY_NAME/NOKEY_NAME/NOKEY_NAME: NOKEY_NAME NOKEY_NAME NOKEY_NAME NOKEY_NAME
